[0;32mo[0m[0;31mX[0m 2 of 2
[0;31mbar[0m: fail
1 of 2 [0;32mpassed[0m [0;31m1 failed[0m
