0 of 0 passed | a                 1 of 1 [0;32mpassed[0m |                 1 of 1 [0;32mpassed[0m | bb                  2 of 2 [0;32mpassed[0m |                 2 of 2 [0;32mpassed[0m | cc                  3 of 3 [0;32mpassed[0m |                 3 of 3 [0;32mpassed[0m | x                 4 of 4 [0;32mpassed[0m |                 4 of 4 [0;32mpassed[0m | yy                  5 of 5 [0;32mpassed[0m |                 5 of 5 [0;32mpassed[0m | zzz                   
[0;31mzzz[0m: fail
5 of 6 [0;32mpassed[0m [0;31m1 failed[0m | ff                           6 of 7 [0;32mpassed[0m [0;31m1 failed[0m |                          6 of 7 [0;32mpassed[0m [0;31m1 failed[0m | f                          7 of 8 [0;32mpassed[0m [0;31m1 failed[0m |                          7 of 8 [0;32mpassed[0m [0;31m1 failed[0m | a9                           8 of 9 [0;32mpassed[0m [0;31m1 failed[0m |                          8 of 9 [0;32mpassed[0m [0;31m1 failed[0m | a10                            9 of 10 [0;32mpassed[0m [0;31m1 failed[0m |                           9 of 10 [0;32mpassed[0m [0;31m1 failed[0m | a11                             10 of 11 [0;32mpassed[0m [0;31m1 failed[0m |                            10 of 11 [0;32mpassed[0m [0;31m1 failed[0m | a12                              11 of 12 [0;32mpassed[0m [0;31m1 failed[0m |                            11 of 12 [0;32mpassed[0m [0;31m1 failed[0m | a13                              12 of 13 [0;32mpassed[0m [0;31m1 failed[0m |                            12 of 13 [0;32mpassed[0m [0;31m1 failed[0m | a14                              13 of 14 [0;32mpassed[0m [0;31m1 failed[0m |                            13 of 14 [0;32mpassed[0m [0;31m1 failed[0m | a15                              14 of 15 [0;32mpassed[0m [0;31m1 failed[0m |                            14 of 15 [0;32mpassed[0m [0;31m1 failed[0m
