[0;32mo[0m[0;32mo[0m[0;32mo[0m[0;32mo[0m[0;32mo[0m[0;31mX[0m[0;32mo[0m[0;32mo[0m[0;32mo[0m[0;32mo[0m [0;32mo[0m[0;32mo[0m[0;32mo[0m[0;32mo[0m[0;32mo[0m 15 of 15
[0;31mzzz[0m: fail
14 of 15 [0;32mpassed[0m [0;31m1 failed[0m
