0 of 0 passed | a1                  1 of 1 [0;32mpassed[0m |                 1 of 1 [0;32mpassed[0m | a2                  2 of 2 [0;32mpassed[0m |                 2 of 2 [0;32mpassed[0m | a3                  3 of 3 [0;32mpassed[0m |                 3 of 3 [0;32mpassed[0m | a4                  4 of 4 [0;32mpassed[0m |                 4 of 4 [0;32mpassed[0m | a5                  5 of 5 [0;32mpassed[0m |                 5 of 5 [0;32mpassed[0m | a6                  6 of 6 [0;32mpassed[0m |                 6 of 6 [0;32mpassed[0m | a7                  7 of 7 [0;32mpassed[0m |                 7 of 7 [0;32mpassed[0m | a8                  8 of 8 [0;32mpassed[0m |                 8 of 8 [0;32mpassed[0m | a9                  9 of 9 [0;32mpassed[0m |                 9 of 9 [0;32mpassed[0m | a10                   10 of 10 [0;32mpassed[0m |                   10 of 10 [0;32mpassed[0m | a11                     11 of 11 [0;32mpassed[0m |                   11 of 11 [0;32mpassed[0m | a12                     12 of 12 [0;32mpassed[0m |                   12 of 12 [0;32mpassed[0m | a13                     13 of 13 [0;32mpassed[0m |                   13 of 13 [0;32mpassed[0m | a14                     14 of 14 [0;32mpassed[0m |                   14 of 14 [0;32mpassed[0m | a15                     15 of 15 [0;32mpassed[0m |                   15 of 15 [0;32mpassed[0m | a16                     16 of 16 [0;32mpassed[0m |                   16 of 16 [0;32mpassed[0m | a17                     
[0;31ma17[0m: fail
16 of 17 [0;32mpassed[0m [0;31m1 failed[0m | a18                              17 of 18 [0;32mpassed[0m [0;31m1 failed[0m |                            17 of 18 [0;32mpassed[0m [0;31m1 failed[0m | a19                              18 of 19 [0;32mpassed[0m [0;31m1 failed[0m |                            18 of 19 [0;32mpassed[0m [0;31m1 failed[0m | a20                              19 of 20 [0;32mpassed[0m [0;31m1 failed[0m |                            19 of 20 [0;32mpassed[0m [0;31m1 failed[0m | a21                              20 of 21 [0;32mpassed[0m [0;31m1 failed[0m |                            20 of 21 [0;32mpassed[0m [0;31m1 failed[0m | a22                              21 of 22 [0;32mpassed[0m [0;31m1 failed[0m |                            21 of 22 [0;32mpassed[0m [0;31m1 failed[0m | a23                              22 of 23 [0;32mpassed[0m [0;31m1 failed[0m |                            22 of 23 [0;32mpassed[0m [0;31m1 failed[0m | a24                              23 of 24 [0;32mpassed[0m [0;31m1 failed[0m |                            23 of 24 [0;32mpassed[0m [0;31m1 failed[0m | a25                              [0;31ma25[0m: fail
23 of 25 [0;32mpassed[0m [0;31m2 failed[0m | a26                              24 of 26 [0;32mpassed[0m [0;31m2 failed[0m |                            24 of 26 [0;32mpassed[0m [0;31m2 failed[0m | a27                              25 of 27 [0;32mpassed[0m [0;31m2 failed[0m |                            25 of 27 [0;32mpassed[0m [0;31m2 failed[0m | a29                              26 of 28 [0;32mpassed[0m [0;31m2 failed[0m |                            26 of 28 [0;32mpassed[0m [0;31m2 failed[0m | a39                              27 of 29 [0;32mpassed[0m [0;31m2 failed[0m |                            27 of 29 [0;32mpassed[0m [0;31m2 failed[0m | a30                              28 of 30 [0;32mpassed[0m [0;31m2 failed[0m |                            28 of 30 [0;32mpassed[0m [0;31m2 failed[0m | a31                              29 of 31 [0;32mpassed[0m [0;31m2 failed[0m |                            29 of 31 [0;32mpassed[0m [0;31m2 failed[0m | a32                              30 of 32 [0;32mpassed[0m [0;31m2 failed[0m |                            30 of 32 [0;32mpassed[0m [0;31m2 failed[0m | a33                              31 of 33 [0;32mpassed[0m [0;31m2 failed[0m |                            31 of 33 [0;32mpassed[0m [0;31m2 failed[0m | a34                              32 of 34 [0;32mpassed[0m [0;31m2 failed[0m |                            32 of 34 [0;32mpassed[0m [0;31m2 failed[0m | a35                              33 of 35 [0;32mpassed[0m [0;31m2 failed[0m |                            33 of 35 [0;32mpassed[0m [0;31m2 failed[0m | a36                              34 of 36 [0;32mpassed[0m [0;31m2 failed[0m |                            34 of 36 [0;32mpassed[0m [0;31m2 failed[0m | a37                              35 of 37 [0;32mpassed[0m [0;31m2 failed[0m |                            35 of 37 [0;32mpassed[0m [0;31m2 failed[0m | a38                              36 of 38 [0;32mpassed[0m [0;31m2 failed[0m |                            36 of 38 [0;32mpassed[0m [0;31m2 failed[0m | a39                              37 of 39 [0;32mpassed[0m [0;31m2 failed[0m |                            37 of 39 [0;32mpassed[0m [0;31m2 failed[0m | a40                              38 of 40 [0;32mpassed[0m [0;31m2 failed[0m |                            38 of 40 [0;32mpassed[0m [0;31m2 failed[0m | a41                              39 of 41 [0;32mpassed[0m [0;31m2 failed[0m |                            39 of 41 [0;32mpassed[0m [0;31m2 failed[0m | a42                              40 of 42 [0;32mpassed[0m [0;31m2 failed[0m |                            40 of 42 [0;32mpassed[0m [0;31m2 failed[0m | a43                              41 of 43 [0;32mpassed[0m [0;31m2 failed[0m |                            41 of 43 [0;32mpassed[0m [0;31m2 failed[0m | a44                              42 of 44 [0;32mpassed[0m [0;31m2 failed[0m |                            42 of 44 [0;32mpassed[0m [0;31m2 failed[0m | a45                              43 of 45 [0;32mpassed[0m [0;31m2 failed[0m |                            43 of 45 [0;32mpassed[0m [0;31m2 failed[0m | a46                              44 of 46 [0;32mpassed[0m [0;31m2 failed[0m |                            44 of 46 [0;32mpassed[0m [0;31m2 failed[0m | a47                              45 of 47 [0;32mpassed[0m [0;31m2 failed[0m |                            45 of 47 [0;32mpassed[0m [0;31m2 failed[0m | a48                              46 of 48 [0;32mpassed[0m [0;31m2 failed[0m |                            46 of 48 [0;32mpassed[0m [0;31m2 failed[0m | a49                              [0;31ma49[0m: fail
46 of 49 [0;32mpassed[0m [0;31m3 failed[0m | a50                              47 of 50 [0;32mpassed[0m [0;31m3 failed[0m |                            47 of 50 [0;32mpassed[0m [0;31m3 failed[0m
