[0;32mo[0m[0;32mo[0m[0;32mo[0m[0;32mo[0m[0;32mo[0m[0;32mo[0m[0;32mo[0m[0;32mo[0m[0;32mo[0m[0;32mo[0m [0;32mo[0m[0;32mo[0m[0;32mo[0m[0;32mo[0m[0;32mo[0m[0;32mo[0m[0;31mX[0m[0;32mo[0m[0;32mo[0m[0;32mo[0m [0;32mo[0m[0;32mo[0m[0;32mo[0m[0;32mo[0m[0;31mX[0m[0;32mo[0m[0;32mo[0m[0;32mo[0m[0;32mo[0m[0;32mo[0m [0;32mo[0m[0;32mo[0m[0;32mo[0m[0;32mo[0m[0;32mo[0m[0;32mo[0m[0;32mo[0m[0;32mo[0m[0;32mo[0m[0;32mo[0m [0;32mo[0m[0;32mo[0m[0;32mo[0m[0;32mo[0m[0;32mo[0m[0;32mo[0m[0;32mo[0m[0;32mo[0m[0;31mX[0m[0;32mo[0m 50 of 50
[0;31ma17[0m: fail
[0;31ma25[0m: fail
[0;31ma49[0m: fail
47 of 50 [0;32mpassed[0m [0;31m3 failed[0m
