0 of 1 passed | Auto setup                          1 of 1 [0;32mpassed[0m |                 1 of 1 [0;32mpassed[0m
