Auto setup...[0;32mok[0m
1 of 1 [0;32mpassed[0m
