[0;31mX[0m 1 of 1
[0;31mfoo[0m: fail
0 of 1 passed [0;31m1 failed[0m
