0 of 0 passed | foo                   
[0;31mfoo[0m: fail
0 of 1 passed [0;31m1 failed[0m
