0 of 0 passed | foo                   1 of 1 [0;32mpassed[0m |                 1 of 1 [0;32mpassed[0m
