[0;32mo[0m[0;31mX[0m[0;32mo[0m[0;32mo[0m[0;32mo[0m[0;32mo[0m[0;32mo[0m[0;32mo[0m[0;32mo[0m[0;32mo[0m [0;32mo[0m[0;32mo[0m[0;31mX[0m[0;32mo[0m[0;32mo[0m[0;32mo[0m[0;32mo[0m[0;32mo[0m[0;32mo[0m[0;32mo[0m [0;32mo[0m[0;32mo[0m[0;32mo[0m[0;32mo[0m[0;32mo[0m[0;32mo[0m[0;32mo[0m[0;32mo[0m[0;32mo[0m[0;32mo[0m [0;32mo[0m[0;32mo[0m[0;32mo[0m[0;32mo[0m[0;32mo[0m[0;32mo[0m[0;32mo[0m[0;32mo[0m[0;32mo[0m[0;32mo[0m [0;32mo[0m[0;32mo[0m[0;32mo[0m[0;32mo[0m[0;32mo[0m[0;32mo[0m[0;32mo[0m[0;32mo[0m[0;32mo[0m[0;32mo[0m 50 of 50
[0;32mo[0m[0;32mo[0m[0;32mo[0m[0;32mo[0m[0;32mo[0m[0;32mo[0m[0;32mo[0m[0;32mo[0m[0;32mo[0m[0;32mo[0m [0;32mo[0m[0;32mo[0m[0;32mo[0m[0;32mo[0m[0;32mo[0m[0;32mo[0m[0;32mo[0m 67 of 67
[0;31mfoo[0m: fail
[0;31mzzz[0m: fail
65 of 67 [0;32mpassed[0m [0;31m2 failed[0m
