a1...[0;32mok[0m
a2...[0;32mok[0m
a3...[0;32mok[0m
a4...[0;32mok[0m
a5...[0;32mok[0m
a6...[0;32mok[0m
a7...[0;32mok[0m
a8...[0;32mok[0m
a9...[0;32mok[0m
a10...[0;32mok[0m
a11...[0;32mok[0m
a12...[0;32mok[0m
a13...[0;32mok[0m
a14...[0;32mok[0m
a15...[0;32mok[0m
a16...[0;32mok[0m
a17...[0;32mok[0m
a18...[0;32mok[0m
a19...[0;32mok[0m
a20...[0;32mok[0m
a21...[0;32mok[0m
a22...[0;32mok[0m
a23...[0;32mok[0m
a24...[0;32mok[0m
a25...[0;32mok[0m
a26...[0;32mok[0m
a27...[0;32mok[0m
a29...[0;32mok[0m
a39...[0;32mok[0m
a30...[0;32mok[0m
a31...[0;32mok[0m
a32...[0;32mok[0m
a33...[0;32mok[0m
a34...[0;32mok[0m
a35...[0;32mok[0m
a36...[0;32mok[0m
a37...[0;32mok[0m
a38...[0;32mok[0m
a39...[0;32mok[0m
a40...[0;32mok[0m
a41...[0;32mok[0m
a42...[0;32mok[0m
a43...[0;32mok[0m
a44...[0;32mok[0m
a45...[0;32mok[0m
a46...[0;32mok[0m
a47...[0;32mok[0m
a48...[0;32mok[0m
a49...[0;32mok[0m
a50...[0;32mok[0m
a51...[0;32mok[0m
51 of 51 [0;32mpassed[0m
