[0;32mo[0m[0;32mo[0m[0;32mo[0m[0;32mo[0m[0;32mo[0m[0;32mo[0m[0;32mo[0m[0;32mo[0m[0;32mo[0m[0;32mo[0m [0;32mo[0m[0;32mo[0m[0;32mo[0m[0;32mo[0m[0;32mo[0m[0;32mo[0m[0;32mo[0m[0;32mo[0m[0;32mo[0m[0;32mo[0m [0;32mo[0m[0;32mo[0m[0;32mo[0m[0;32mo[0m[0;32mo[0m[0;32mo[0m[0;32mo[0m[0;32mo[0m[0;32mo[0m[0;32mo[0m [0;32mo[0m[0;32mo[0m[0;32mo[0m[0;32mo[0m[0;32mo[0m[0;32mo[0m[0;32mo[0m[0;32mo[0m[0;32mo[0m[0;32mo[0m [0;32mo[0m[0;32mo[0m[0;32mo[0m[0;32mo[0m[0;32mo[0m[0;32mo[0m[0;32mo[0m[0;32mo[0m[0;32mo[0m[0;32mo[0m 50 of 50
[0;32mo[0m 51 of 51
51 of 51 [0;32mpassed[0m
