0 of 0 passed | foo                   1 of 1 [0;32mpassed[0m |                 1 of 1 [0;32mpassed[0m | bar                   
[0;31mbar[0m: fail msg
1 of 2 [0;32mpassed[0m [0;31m1 failed[0m
