0 of 2 passed | foo                   1 of 2 [0;32mpassed[0m |                 1 of 2 [0;32mpassed[0m | bar                   2 of 2 [0;32mpassed[0m |                 2 of 2 [0;32mpassed[0m
