[0;32mo[0m[0;32mo[0m 2 of 2
2 of 2 [0;32mpassed[0m
