foo...[0;32mok[0m
bar...[0;32mok[0m
2 of 2 [0;32mpassed[0m
