0 of 2 passed | foo                   
[0;31mfoo[0m: unterminated test case
0 of 2 passed [0;31m1 failed[0m | bar                            [0;31mbar[0m: fail msg
0 of 2 passed [0;31m2 failed[0m
