[0;31mX[0m[0;31mX[0m 2 of 2
[0;31mfoo[0m: unterminated test case
[0;31mbar[0m: fail msg
0 of 2 passed [0;31m2 failed[0m
